mode: atomic
code/cmd/gendiff/main.go:12.13,22.61 1 0
code/cmd/gendiff/main.go:22.61,28.18 5 0
code/cmd/gendiff/main.go:28.18,30.5 1 0
code/cmd/gendiff/main.go:32.4,34.14 2 0
code/cmd/gendiff/main.go:37.52,40.3 2 0
code/gendiff.go:16.59,17.18 1 20
code/gendiff.go:17.18,19.3 1 1
code/gendiff.go:21.2,22.16 2 20
code/gendiff.go:22.16,24.3 1 2
code/gendiff.go:26.2,27.16 2 18
code/gendiff.go:27.16,29.3 1 4
code/gendiff.go:31.2,32.16 2 14
code/gendiff.go:32.16,34.3 1 1
code/gendiff.go:36.2,36.66 1 13
code/gendiff.go:39.52,41.16 2 32
code/gendiff.go:41.16,43.3 1 0
code/gendiff.go:45.2,46.16 2 32
code/gendiff.go:46.16,48.3 1 2
code/gendiff.go:50.2,52.16 3 30
code/gendiff.go:52.16,54.3 1 2
code/gendiff.go:56.2,57.9 2 28
code/gendiff.go:57.9,59.3 1 1
code/gendiff.go:60.2,60.15 1 27
code/parser.go:12.49,14.9 2 30
code/parser.go:14.9,16.3 1 1
code/parser.go:17.2,17.16 1 29
code/parser.go:21.41,25.3 3 19
code/parser.go:26.41,30.3 3 4
code/parser.go:31.40,35.3 3 6
code/parser.go:36.40,38.3 1 0
code/formatters/formatters.go:19.30,19.48 1 1
code/formatters/formatters.go:20.30,20.49 1 1
code/formatters/formatters.go:21.30,21.51 1 1
code/formatters/formatters.go:25.42,27.9 2 5
code/formatters/formatters.go:27.9,29.3 1 2
code/formatters/formatters.go:30.2,30.21 1 3
code/formatters/formatters.go:34.23,36.29 2 3
code/formatters/formatters.go:36.29,38.3 1 9
code/formatters/formatters.go:39.2,40.14 2 3
code/formatters/json.go:31.44,38.16 3 9
code/formatters/json.go:38.16,40.3 1 1
code/formatters/json.go:42.2,42.20 1 8
code/formatters/json.go:47.41,50.26 2 23
code/formatters/json.go:50.26,53.17 2 74
code/formatters/json.go:54.14,55.30 1 18
code/formatters/json.go:56.16,57.31 1 9
code/formatters/json.go:58.16,60.30 2 23
code/formatters/json.go:61.18,62.31 1 10
code/formatters/json.go:63.15,64.40 1 14
code/formatters/json.go:67.3,67.26 1 74
code/formatters/json.go:70.2,70.13 1 23
code/formatters/json.go:75.36,77.2 1 79
code/formatters/plain.go:10.45,12.2 1 8
code/formatters/plain.go:17.56,20.26 2 12
code/formatters/plain.go:20.26,23.17 2 22
code/formatters/plain.go:24.14,26.37 1 8
code/formatters/plain.go:28.16,29.73 1 3
code/formatters/plain.go:31.16,33.64 1 4
code/formatters/plain.go:35.15,36.63 1 4
code/formatters/plain.go:38.18,39.12 1 3
code/formatters/plain.go:43.2,43.14 1 12
code/formatters/plain.go:49.31,50.25 1 16
code/formatters/plain.go:51.14,52.34 1 6
code/formatters/plain.go:53.29,54.27 1 3
code/formatters/plain.go:55.11,56.16 1 1
code/formatters/plain.go:57.10,58.32 1 6
code/formatters/stylish.go:17.47,19.2 1 3
code/formatters/stylish.go:21.50,24.26 2 7
code/formatters/stylish.go:24.26,25.17 1 29
code/formatters/stylish.go:26.14,28.62 1 12
code/formatters/stylish.go:30.16,32.63 1 4
code/formatters/stylish.go:34.18,36.63 1 4
code/formatters/stylish.go:38.16,42.5 1 5
code/formatters/stylish.go:44.15,49.6 1 4
code/formatters/stylish.go:53.2,53.34 1 7
code/formatters/stylish.go:58.31,60.11 2 38
code/formatters/stylish.go:60.11,62.3 1 0
code/formatters/stylish.go:63.2,63.31 1 38
code/formatters/stylish.go:68.36,70.2 1 4
code/formatters/stylish.go:77.43,79.9 2 43
code/formatters/stylish.go:79.9,81.3 1 32
code/formatters/stylish.go:83.2,84.52 2 11
code/formatters/stylish.go:84.52,90.3 1 13
code/formatters/stylish.go:92.2,92.21 1 11
code/formatters/stylish.go:92.21,94.3 1 1
code/formatters/stylish.go:96.2,97.41 1 10
code/formatters/stylish.go:103.33,104.18 1 32
code/formatters/stylish.go:105.13,106.27 1 1
code/formatters/stylish.go:107.11,108.16 1 2
code/formatters/stylish.go:109.10,110.30 1 29
code/formatters/tree.go:28.51,32.27 3 19
code/formatters/tree.go:32.27,38.10 4 75
code/formatters/tree.go:39.18,40.21 1 19
code/formatters/tree.go:41.17,42.23 1 11
code/formatters/tree.go:43.51,44.25 1 12
code/formatters/tree.go:45.11,48.18 3 33
code/formatters/tree.go:48.18,51.5 2 14
code/formatters/tree.go:51.10,53.5 1 19
code/formatters/tree.go:56.3,56.30 1 75
code/formatters/tree.go:59.2,59.14 1 19
code/formatters/tree.go:62.52,64.23 2 19
code/formatters/tree.go:64.23,66.3 1 56
code/formatters/tree.go:67.2,67.23 1 19
code/formatters/tree.go:67.23,69.3 1 64
code/formatters/tree.go:70.2,71.29 2 19
