mode: atomic
code/code.go:9.58,11.16 2 1
code/code.go:11.16,13.3 1 0
code/code.go:15.2,16.16 2 1
code/code.go:16.16,18.3 1 0
code/code.go:20.2,23.12 3 1
code/code.go:44.51,49.27 4 1
code/code.go:49.27,54.16 4 5
code/code.go:54.16,56.4 1 1
code/code.go:56.9,56.22 1 4
code/code.go:56.22,58.4 1 2
code/code.go:58.9,58.39 1 2
code/code.go:58.39,60.4 1 1
code/code.go:60.9,62.4 1 1
code/code.go:64.3,67.26 4 5
code/code.go:70.2,70.12 1 1
code/code.go:73.34,76.26 2 1
code/code.go:76.26,78.17 2 5
code/code.go:79.14,80.83 1 1
code/code.go:81.16,82.84 1 2
code/code.go:83.18,84.84 1 1
code/code.go:85.16,86.142 1 1
code/code.go:87.11,87.11 0 0
code/code.go:90.3,90.25 1 5
code/code.go:93.2,93.58 1 1
code/code.go:96.52,99.25 2 1
code/code.go:99.25,100.34 1 4
code/code.go:100.34,102.4 1 4
code/code.go:105.2,105.25 1 1
code/code.go:105.25,106.34 1 3
code/code.go:106.34,108.4 1 1
code/code.go:111.2,111.13 1 1
code/parser.go:17.54,19.16 2 2
code/parser.go:19.16,21.3 1 0
code/parser.go:23.2,25.20 3 2
code/parser.go:28.48,30.16 2 3
code/parser.go:30.16,32.3 1 0
code/parser.go:33.2,34.16 2 3
code/parser.go:34.16,36.3 1 0
code/parser.go:37.2,37.18 1 3
code/parser.go:40.52,41.30 1 3
code/parser.go:41.30,43.3 1 0
code/parser.go:44.2,45.16 2 3
code/parser.go:45.16,47.3 1 0
code/parser.go:49.2,49.58 1 3
